// Jest Snapshot v1, https://goo.gl/fbAQLP

exports[`Render Button component 1`] = `
<DocumentFragment>
  .c1 {
  width: 2rem;
  height: 2rem;
  fill: #000000;
  -webkit-transition-duration: 200ms;
  transition-duration: 200ms;
}

.c1[disabled] {
  opacity: 0.2;
}

.c0 {
  display: -webkit-box;
  display: -webkit-flex;
  display: -ms-flexbox;
  display: flex;
  -webkit-box-pack: center;
  -webkit-justify-content: center;
  -ms-flex-pack: center;
  justify-content: center;
  -webkit-align-items: center;
  -webkit-box-align: center;
  -ms-flex-align: center;
  align-items: center;
  -webkit-column-gap: 0.8rem;
  column-gap: 0.8rem;
  border: none;
  background-color: transparent;
  padding: 0.2rem;
  font-family: ManropeSemiBold;
  -webkit-transition-duration: 200ms;
  transition-duration: 200ms;
  padding: 0.6rem 1.8rem;
  border-radius: 10rem;
  font-size: 1.2rem;
  line-height: 2rem;
  background-color: #ba8d5b;
  color: #ffffff;
}

.c0 > svg {
  width: 1.1rem;
  height: 1.1rem;
  fill: #fff;
  stroke: none;
}

.c0[disabled] {
  pointer-events: none;
  -webkit-user-select: none;
  -moz-user-select: none;
  -ms-user-select: none;
  user-select: none;
  opacity: 0.6;
}

.c0[disabled] > svg {
  opacity: 0.3;
}

.c0 > svg {
  width: 1rem;
  height: 1rem;
}

.c0:hover > svg {
  stroke: none;
}

.c0 > svg {
  fill: #ffffff;
  stroke: none;
}

.c0:hover {
  background-color: #ccad8a;
}

.c0:active {
  background-color: #a77946;
  color: #ffffff;
}

.c0:active > svg {
  fill: #ffffff;
  stroke: none;
}

<button
    class="c0"
    data-testid="button"
    type="button"
  >
    <span>
      Some text
    </span>
    <svg
      class="c1"
    >
      <use
        xlink:href="sprite.svg#arrow"
      />
    </svg>
  </button>
</DocumentFragment>
`;
