// Jest Snapshot v1, https://goo.gl/fbAQLP

exports[`Active banner test 1`] = `[Function]`;
