// Jest Snapshot v1, https://goo.gl/fbAQLP

exports[`Atoms Context Should render ErrorToast component 1`] = `
<DocumentFragment>
  .c5 {
  width: 11px;
  height: 11px;
  fill: #000000;
  stroke: #000000;
  -webkit-transition-duration: 200ms;
  transition-duration: 200ms;
}

.c5[disabled] {
  opacity: 0.2;
}

.c0 {
  width: 100%;
  height: 100vh;
  position: fixed;
  top: 0;
  left: 0;
  background: transparent;
  overflow: hidden;
  z-index: 22;
  display: none;
}

.c1 {
  display: -webkit-box;
  display: -webkit-flex;
  display: -ms-flexbox;
  display: flex;
  -webkit-box-pack: justify;
  -webkit-justify-content: space-between;
  -ms-flex-pack: justify;
  justify-content: space-between;
  -webkit-align-items: center;
  -webkit-box-align: center;
  -ms-flex-align: center;
  align-items: center;
  padding: 18px 30px 18px 26px;
  background: #f95050;
  border-radius: 100px;
  position: absolute;
  bottom: 36px;
  left: 0;
  right: 0;
  margin: auto;
  width: 448px;
}

.c1 svg {
  fill: #fff;
  stroke: #fff;
  cursor: pointer;
}

.c1 svg path {
  fill: #fff;
}

.c2 {
  display: -webkit-box;
  display: -webkit-flex;
  display: -ms-flexbox;
  display: flex;
  -webkit-align-items: center;
  -webkit-box-align: center;
  -ms-flex-align: center;
  align-items: center;
}

.c3 {
  width: 20px;
  height: 20px;
  object-fit: cover;
  margin-right: 15px;
}

.c4 {
  font-style: normal;
  font-weight: 500;
  font-size: 18px;
  line-height: 24px;
  -webkit-letter-spacing: -0.02em;
  -moz-letter-spacing: -0.02em;
  -ms-letter-spacing: -0.02em;
  letter-spacing: -0.02em;
  color: #ffffff;
}

<div
    class="c0"
    data-testid="error-toast-component"
  >
    <div
      class="c1"
    >
      <div
        class="c2"
      >
        <img
          class="c3"
          src="info-icon.svg"
        />
        <h4
          class="c4"
        />
      </div>
      <svg
        class="c5"
        fill="#fff"
      >
        <use
          xlink:href="sprite.svg#close-icon"
        />
      </svg>
    </div>
  </div>
</DocumentFragment>
`;
