// Jest Snapshot v1, https://goo.gl/fbAQLP

exports[`Render Textarea component 1`] = `[Function]`;
