// Jest Snapshot v1, https://goo.gl/fbAQLP

exports[`Should render Space component 1`] = `[Function]`;
