// Jest Snapshot v1, https://goo.gl/fbAQLP

exports[`Render Atom component 1`] = `
<DocumentFragment>
  .c0 {
  padding: 10px 15px;
  color: #ffffff;
  border: 1px solid transparent;
  border-color: rgba(255,0,0,1);
  background-color: rgba(255,0,0,0.5);
  border-radius: 15px;
  margin-bottom: 15px;
}

<div
    class="c0"
    data-testid="alert-container"
  >
    Child element
  </div>
</DocumentFragment>
`;
