// Jest Snapshot v1, https://goo.gl/fbAQLP

exports[`Atoms Context Should render UserImg component 1`] = `
<DocumentFragment>
  .c0 {
  width: rem;
  height: rem;
}

.c0 > img {
  border-radius: 50%;
  width: 100%;
  height: 100%;
  object-fit: cover;
}

@media (max-width:1024px) {

}

<div
    class="c0"
  />
</DocumentFragment>
`;
